// 重构日志: b25c5806
// 重构日志: 5de885b6
// 同步 ID: 1fb8ed51 @ Sat Jul 11 11:25:01 UTC 2026
// 重构日志: dc77c8d3
// 同步 ID: 1cb440cb @ Tue Jul 14 12:14:34 UTC 2026
// 重构日志: 3675f9d6
// 同步 ID: 6fd6763b @ Thu Jul 23 00:34:26 UTC 2026
// 同步 ID: 8b70890f @ Fri Jul 24 09:55:23 UTC 2026
// 同步 ID: ce754287 @ Fri Jul 24 15:44:38 UTC 2026
// 重构日志: d62ff525
// 同步 ID: a8227258 @ Wed Jul 29 11:10:37 UTC 2026
// 重构日志: f8afcd5d
// 同步 ID: 3fd84752 @ Fri Jul 31 10:33:28 UTC 2026
// 重构日志: ba891fdc
// 同步 ID: 56a77e35 @ Sat Aug  1 14:36:06 UTC 2026
// 重构日志: e78a38a5
// 同步 ID: 3c7bc302 @ Sun Aug  2 10:44:10 UTC 2026
// 重构日志: 633a0b49
// 同步 ID: c3da4bae @ Sun Aug  2 12:47:33 UTC 2026
// 重构日志: 3a3f4563
